driver.c:177:13:stepperEnable	0	static
driver.c:188:13:stepperWakeUp	4	static
driver.c:200:13:stepperGoIdle	0	static
driver.c:208:13:stepperCyclesPerTickPrescaled	0	static
driver.c:247:13:stepperPulseStart	8	static
driver.c:292:30:limitsGetState	0	static
driver.c:317:26:systemGetState	0	static
driver.c:345:13:probeConfigureInvertMask	0	static
driver.c:354:6:probeGetState	0	static
driver.c:440:24:spindleGetState	0	static
driver.c:456:13:coolantSetState	0	static
driver.c:464:24:coolantGetState	0	static
driver.c:476:13:bitsSetAtomic	0	static,ignoring_inline_asm
driver.c:483:22:bitsClearAtomic	0	static,ignoring_inline_asm
driver.c:492:22:valueSetAtomic	0	static,ignoring_inline_asm
driver.c:413:22:spindleGetPWM	0	static
driver.c:164:13:driver_delay	0	static
driver.c:262:13:stepperPulseStartDelayed	8	static
driver.c:277:13:limitsEnable	0	static
driver.c:378:13:spindleSetState	0	static
driver.c:391:13:spindle_set_speed	4	static
driver.c:502:6:settings_changed.part.0	64	static
driver.c:502:6:settings_changed	32	static
driver.c:725:13:driver_setup	72	static
driver.c:428:13:spindleSetStateVariable	16	static
driver.c:899:6:driver_init	16	static
driver.c:1042:6:TIM2_IRQHandler	0	static
driver.c:1070:6:TIM3_IRQHandler	0	static
driver.c:1083:6:TIM4_IRQHandler	0	static
driver.c:1093:6:EXTI15_10_IRQHandler	0	static
driver.c:1122:6:EXTI9_5_IRQHandler	0	static
driver.c:1135:6:HAL_IncTick	16	static
