planner.c:113:13:planner_recalculate	56	static
planner.c:215:6:plan_reset	32	static
planner.c:224:6:plan_discard_current_block	24	static
planner.c:238:15:plan_get_system_motion_block	0	static
planner.c:245:15:plan_get_current_block	0	static
planner.c:251:14:plan_get_exec_block_exit_speed_sqr	0	static
planner.c:259:6:plan_check_full_buffer	0	static
planner.c:267:7:plan_compute_profile_nominal_speed	48	static
planner.c:297:6:plan_update_velocity_profile_parameters	72	static
planner.c:326:6:plan_buffer_line	128	static
planner.c:494:6:plan_sync_position	0	static
planner.c:501:9:plan_get_block_buffer_available	0	static
planner.c:509:6:plan_cycle_reinitialize	8	static
planner.c:518:6:plan_feed_override	8	static
