report.c:119:14:get_rate_value_mm	8	static
report.c:125:14:get_rate_value_inch	8	static
report.c:81:14:get_axis_values_mm	32	static
report.c:100:14:get_axis_values_inches	32	static
report.c:47:14:appendbuf.constprop	16	static
report.c:47:14:appendbuf.constprop	16	static
report.c:163:6:report_init	8	static
report.c:176:15:report_status_message	16	static
report.c:194:14:report_alarm_message	16	static
report.c:208:16:report_feedback_message	16	static
report.c:287:6:report_init_message	4	static
report.c:298:6:report_grbl_help	0	static
report.c:306:6:report_uint_setting	16	static
report.c:313:6:report_float_setting	24	static
report.c:319:6:report_string_setting	16	static
report.c:325:6:report_grbl_settings	56	static
report.c:507:6:report_probe_parameters	32	static
report.c:520:6:report_ngc_parameters	56	static
report.c:586:6:report_gcode_modes	24	static
report.c:700:6:report_startup_line	16	static
report.c:707:6:report_execute_startup_message	16	static
report.c:716:6:report_build_info	24	static
report.c:888:6:report_echo_line_received	16	static
report.c:901:6:report_realtime_status	112	static
report.c:1159:6:report_pid_log	0	static
